// Jest Snapshot v1, https://goo.gl/fbAQLP

exports[`ViewTask page should render ViewTask page 1`] = `<DocumentFragment />`;
