// Jest Snapshot v1, https://goo.gl/fbAQLP

exports[`should render ListHooks page 1`] = `<DocumentFragment />`;
